// Jest Snapshot v1, https://goo.gl/fbAQLP

exports[`SearchResult should work 1`] = `
<div>
  <div
    class="temp-pc-search-result"
  >
    <input
      class="ant-input ant-input-borderless"
      placeholder="请输入关键词查找"
      type="text"
      value=""
      width="100%"
    />
  </div>
</div>
`;
